../Core/Src/main.c:79:6:toggle_led	8	static
../Core/Src/main.c:83:6:send_uart_message	16	static
../Core/Src/main.c:87:6:handle_button_press	8	static
../Core/Src/main.c:94:6:buzzer_on	4	static
../Core/Src/main.c:98:6:buzzer_off	4	static
../Core/Src/main.c:108:6:SH1107_Write_Command	32	static
../Core/Src/main.c:113:6:SH1107_Write_Data	32	static
../Core/Src/main.c:118:6:SH1107_Init	8	static
../Core/Src/main.c:145:6:SH1107_Clear	16	static
../Core/Src/main.c:206:6:SH1107_Set_Cursor	16	static
../Core/Src/main.c:212:6:SH1107_Write_Char	24	static
../Core/Src/main.c:221:6:SH1107_Write_String	16	static
../Core/Src/main.c:227:6:SH1107_Unlock_Animation	16	static
../Core/Src/main.c:243:6:servo_set_angle	24	static
../Core/Src/main.c:258:6:keypad_password	112	static
../Core/Src/main.c:381:5:main	16	static
../Core/Src/main.c:507:6:SystemClock_Config	88	static
../Core/Src/main.c:554:13:MX_I2C1_Init	8	static
../Core/Src/main.c:588:13:MX_TIM1_Init	80	static
../Core/Src/main.c:653:13:MX_TIM3_Init	48	static
../Core/Src/main.c:702:13:MX_USART2_UART_Init	8	static
../Core/Src/main.c:735:13:MX_GPIO_Init	48	static
../Core/Src/main.c:805:6:Error_Handler	4	static,ignoring_inline_asm
